Changelog Test
==============

This tests changelog handling

Screenshots
-----------

![Screenshots section](screenshot-1.png "Screenshots section")

*Screenshots section*

Changelog
---------

#### 1.0 ####

* Change1
* Change2