Screenshots
-----------

![These should become images](screenshot-1.png "These should become images")

*These should become images*

![With captions](screenshot-2.png "With captions")

*With captions*

3 but this one shouldn't

and neither should this one